To honour the JVM settings for this build a single-use Daemon process will be forked. For more on this, please refer to https://docs.gradle.org/9.3.1/userguide/gradle_daemon.html#sec:disabling_the_daemon in the Gradle documentation.
Daemon will be stopped at the end of the build 
Calculating task graph as no cached configuration is available for tasks: assembleDebug
Checking the license for package Android SDK Platform 36 in C:\Android\android-sdk\licenses
License for package Android SDK Platform 36 accepted.
Preparing "Install Android SDK Platform 36 (revision 2)".
"Install Android SDK Platform 36 (revision 2)" ready.
Installing Android SDK Platform 36 in C:\Android\android-sdk\platforms\android-36
"Install Android SDK Platform 36 (revision 2)" complete.
"Install Android SDK Platform 36 (revision 2)" finished.

1 problem was found storing the configuration cache.
- Task `:app:javaPreCompileDebug` of type `com.android.build.gradle.tasks.JavaPreCompileTask`: error writing value of type 'org.gradle.api.internal.artifacts.configurations.DefaultArtifactCollection'

See the complete report at file:///C:/Users/mathe/teteu/BioAcupunt-clinic-mtc/build/reports/configuration-cache/a0h8ojxdt3imurcgxqjg6gn7w/qx0vc6kl47gfp00ztb7wz7mz/configuration-cache-report.html

[Incubating] Problems report is available at: file:///C:/Users/mathe/teteu/BioAcupunt-clinic-mtc/build/reports/problems/problems-report.html
./gradlew : 
No linha:1 caractere:167
+ ... linic-mtc'; ./gradlew assembleDebug --stacktrace --console=plain --no ...
+                 ~~~~~~~~~~~~~~~~~~~~~~~~~~~~~~~~~~~~~~~~~~~~~~~~~~~~~~~~~
    + CategoryInfo          : NotSpecified: (:String) [], RemoteException
    + FullyQualifiedErrorId : NativeCommandError
 
FAILURE: Build failed with an exception.

* What went wrong:
Configuration cache state could not be cached: field `kspProcessorArtifacts` 
of task `:app:javaPreCompileDebug` of type 
`com.android.build.gradle.tasks.JavaPreCompileTask`: error writing value of 
type 
'org.gradle.api.internal.artifacts.configurations.DefaultArtifactCollection'
> Configuration `:app:_agp_internal_javaPreCompileDebug_kspClasspath` contains 
AndroidX dependencies, but the `android.useAndroidX` property is not enabled, 
which may cause runtime issues.
  Set `android.useAndroidX=true` in the `gradle.properties` file and retry.
  The following AndroidX dependencies are detected:
  :app:_agp_internal_javaPreCompileDebug_kspClasspath -> 
androidx.room:room-compiler:2.7.1
  :app:_agp_internal_javaPreCompileDebug_kspClasspath -> 
androidx.room:room-compiler:2.7.1 -> 
androidx.room:room-compiler-processing:2.7.1 -> 
androidx.room:room-external-antlr:2.7.1 -> androidx.room:room-migration:2.7.1 
-> androidx.room:room-migration-jvm:2.7.1 -> androidx.room:room-common:2.7.1
  :app:_agp_internal_javaPreCompileDebug_kspClasspath -> 
androidx.room:room-compiler:2.7.1 -> 
androidx.room:room-compiler-processing:2.7.1 -> 
androidx.room:room-external-antlr:2.7.1 -> androidx.room:room-migration:2.7.1 
-> androidx.room:room-migration-jvm:2.7.1 -> androidx.room:room-common:2.7.1 
-> androidx.room:room-common-jvm:2.7.1
  :app:_agp_internal_javaPreCompileDebug_kspClasspath -> 
androidx.room:room-compiler:2.7.1 -> 
androidx.room:room-compiler-processing:2.7.1 -> 
androidx.room:room-external-antlr:2.7.1 -> androidx.room:room-migration:2.7.1 
-> androidx.room:room-migration-jvm:2.7.1 -> androidx.room:room-common:2.7.1 
-> androidx.room:room-common-jvm:2.7.1 -> androidx.annotation:annotation:1.9.1
  :app:_agp_internal_javaPreCompileDebug_kspClasspath -> 
androidx.room:room-compiler:2.7.1 -> 
androidx.room:room-compiler-processing:2.7.1 -> 
androidx.room:room-external-antlr:2.7.1 -> androidx.room:room-migration:2.7.1 
-> androidx.room:room-migration-jvm:2.7.1 -> androidx.room:room-common:2.7.1 
-> androidx.room:room-common-jvm:2.7.1 -> androidx.annotation:annotation:1.9.1 
-> androidx.annotation:annotation-jvm:1.9.1
  :app:_agp_internal_javaPreCompileDebug_kspClasspath -> 
androidx.room:room-compiler:2.7.1 -> androidx.room:room-external-antlr:2.7.1 
-> androidx.room:room-common:2.7.1 -> androidx.room:room-common-jvm:2.7.1 -> 
androidx.room:room-migration:2.7.1 -> androidx.room:room-migration-jvm:2.7.1 
-> androidx.room:room-compiler-processing:2.7.1
  :app:_agp_internal_javaPreCompileDebug_kspClasspath -> 
androidx.room:room-compiler:2.7.1 -> 
androidx.room:room-compiler-processing:2.7.1 -> 
androidx.room:room-common:2.7.1 -> androidx.room:room-common-jvm:2.7.1 -> 
androidx.room:room-migration:2.7.1 -> androidx.room:room-migration-jvm:2.7.1 
-> androidx.room:room-external-antlr:2.7.1
  :app:_agp_internal_javaPreCompileDebug_kspClasspath -> 
androidx.room:room-compiler:2.7.1 -> 
androidx.room:room-compiler-processing:2.7.1 -> 
androidx.room:room-external-antlr:2.7.1 -> androidx.room:room-common:2.7.1 -> 
androidx.room:room-common-jvm:2.7.1 -> androidx.room:room-migration:2.7.1
  :app:_agp_internal_javaPreCompileDebug_kspClasspath -> 
androidx.room:room-compiler:2.7.1 -> 
androidx.room:room-compiler-processing:2.7.1 -> 
androidx.room:room-external-antlr:2.7.1 -> androidx.room:room-common:2.7.1 -> 
androidx.room:room-common-jvm:2.7.1 -> androidx.room:room-migration:2.7.1 -> 
androidx.room:room-migration-jvm:2.7.1

* Try:
> Run with --info or --debug option to get more log output.
> Run with --scan to get full insights from a Build Scan (powered by 
Develocity).
> Get more help at https://help.gradle.org.

* Exception is:
org.gradle.internal.cc.base.exceptions.ConfigurationCacheError: Configuration 
cache state could not be cached: field `kspProcessorArtifacts` of task 
`:app:javaPreCompileDebug` of type 
`com.android.build.gradle.tasks.JavaPreCompileTask`: error writing value of 
type 
'org.gradle.api.internal.artifacts.configurations.DefaultArtifactCollection'
	at org.gradle.internal.cc.impl.problems.ConfigurationCacheProblems.onError(Con
figurationCacheProblems.kt:175)
	at org.gradle.internal.serialize.graph.AbstractIsolateContext.onError(Contexts
.kt:396)
	at org.gradle.internal.serialize.graph.BeanPropertyExtensionsKt.writePropertyV
alue(BeanPropertyExtensions.kt:36)
	at org.gradle.internal.serialize.beans.services.BeanPropertyWriter.writeStateO
f(BeanPropertyWriter.kt:54)
	at org.gradle.internal.serialize.codecs.core.TaskNodeCodec$writeTask$3$2$1.inv
okeSuspend(TaskNodeCodec.kt:104)
	at org.gradle.internal.serialize.codecs.core.TaskNodeCodec$writeTask$3$2$1.inv
oke(TaskNodeCodec.kt)
	at org.gradle.internal.serialize.codecs.core.TaskNodeCodec$writeTask$3$2$1.inv
oke(TaskNodeCodec.kt)
	at org.gradle.internal.serialize.codecs.core.TaskNodeCodecKt.withTaskOf(TaskNo
deCodec.kt:237)
	at org.gradle.internal.serialize.codecs.core.TaskNodeCodecKt.access$withTaskOf
(TaskNodeCodec.kt:1)
	at org.gradle.internal.serialize.codecs.core.TaskNodeCodec.writeTask(TaskNodeC
odec.kt:98)
	at org.gradle.internal.serialize.codecs.core.TaskNodeCodec.encode(TaskNodeCode
c.kt:75)
	at org.gradle.internal.serialize.codecs.core.TaskNodeCodec.encode(TaskNodeCode
c.kt:69)
	at org.gradle.internal.serialize.graph.codecs.BindingsBackedCodec.encode(Bindi
ngsBackedCodec.kt:66)
	at 
org.gradle.internal.serialize.graph.DefaultWriteContext.write(Contexts.kt:111)
	at org.gradle.internal.serialize.codecs.core.WorkNodeCodec$writeGroupedNodes$1
$1$1.invokeSuspend(WorkNodeCodec.kt:332)
	at org.gradle.internal.serialize.codecs.core.WorkNodeCodec$writeGroupedNodes$1
$1$1.invoke(WorkNodeCodec.kt)
	at org.gradle.internal.serialize.codecs.core.WorkNodeCodec$writeGroupedNodes$1
$1$1.invoke(WorkNodeCodec.kt)
	at org.gradle.internal.serialize.codecs.core.WorkNodeCodec$safeRunnerFor$2$1$1
.invokeSuspend(WorkNodeCodec.kt:400)
	at org.gradle.internal.serialize.codecs.core.WorkNodeCodec$safeRunnerFor$2$1$1
.invoke(WorkNodeCodec.kt)
	at org.gradle.internal.serialize.codecs.core.WorkNodeCodec$safeRunnerFor$2$1$1
.invoke(WorkNodeCodec.kt)
	at org.gradle.internal.serialize.graph.RunningKt$runWriteOperation$1.invokeSus
pend(Running.kt:43)
	at kotlin.coroutines.jvm.internal.BaseContinuationImpl.resumeWith(Continuation
Impl.kt:34)
	at kotlin.coroutines.ContinuationKt.startCoroutine(Continuation.kt:115)
	at 
org.gradle.internal.serialize.graph.RunningKt.runToCompletion(Running.kt:58)
	at 
org.gradle.internal.serialize.graph.RunningKt.runWriteOperation(Running.kt:42)
	at org.gradle.internal.serialize.codecs.core.WorkNodeCodec$safeRunnerFor$2$1.a
ccept(WorkNodeCodec.kt:399)
	at org.gradle.internal.serialize.codecs.core.WorkNodeCodec$safeRunnerFor$2$1.a
ccept(WorkNodeCodec.kt:398)
	at org.gradle.api.internal.project.DefaultProjectStateRegistry$ProjectStateImp
l.lambda$applyToMutableState$0(DefaultProjectStateRegistry.java:443)
	at org.gradle.api.internal.project.DefaultProjectStateRegistry$ProjectStateImp
l.lambda$fromMutableState$1(DefaultProjectStateRegistry.java:450)
	at org.gradle.internal.work.DefaultWorkerLeaseService.lambda$withLocksAcquired
$0(DefaultWorkerLeaseService.java:269)
	at org.gradle.internal.work.ResourceLockStatistics$1.measure(ResourceLockStati
stics.java:42)
	at org.gradle.internal.work.DefaultWorkerLeaseService.withLocksAcquired(Defaul
tWorkerLeaseService.java:267)
	at org.gradle.internal.work.DefaultWorkerLeaseService.lambda$withReplacedLocks
$3(DefaultWorkerLeaseService.java:365)
	at org.gradle.internal.work.DefaultWorkerLeaseService.withoutLocks(DefaultWork
erLeaseService.java:337)
	at org.gradle.internal.work.DefaultWorkerLeaseService.withReplacedLocks(Defaul
tWorkerLeaseService.java:364)
	at org.gradle.api.internal.project.DefaultProjectStateRegistry$ProjectStateImp
l.runWithModelLock(DefaultProjectStateRegistry.java:471)
	at org.gradle.api.internal.project.DefaultProjectStateRegistry$ProjectStateImp
l.fromMutableState(DefaultProjectStateRegistry.java:450)
	at org.gradle.api.internal.project.DefaultProjectStateRegistry$ProjectStateImp
l.applyToMutableState(DefaultProjectStateRegistry.java:442)
	at org.gradle.internal.serialize.codecs.core.WorkNodeCodec$safeRunnerFor$2.inv
okeSuspend(WorkNodeCodec.kt:398)
	at org.gradle.internal.serialize.codecs.core.WorkNodeCodec$safeRunnerFor$2.inv
oke(WorkNodeCodec.kt)
	at org.gradle.internal.serialize.codecs.core.WorkNodeCodec$safeRunnerFor$2.inv
oke(WorkNodeCodec.kt)
	at org.gradle.internal.serialize.codecs.core.WorkNodeCodec$writeGroupedNodes$1
.invokeSuspend(WorkNodeCodec.kt:331)
	at org.gradle.internal.serialize.codecs.core.WorkNodeCodec$writeGroupedNodes$1
.invoke(WorkNodeCodec.kt)
	at org.gradle.internal.serialize.codecs.core.WorkNodeCodec$writeGroupedNodes$1
.invoke(WorkNodeCodec.kt)
	at org.gradle.internal.serialize.graph.RunningKt$runWriteOperation$1.invokeSus
pend(Running.kt:43)
	at kotlin.coroutines.jvm.internal.BaseContinuationImpl.resumeWith(Continuation
Impl.kt:34)
	at kotlin.coroutines.ContinuationKt.startCoroutine(Continuation.kt:115)
	at 
org.gradle.internal.serialize.graph.RunningKt.runToCompletion(Running.kt:58)
	at 
org.gradle.internal.serialize.graph.RunningKt.runWriteOperation(Running.kt:42)
	at org.gradle.internal.serialize.codecs.core.WorkNodeCodec.writeGroupedNodes(W
orkNodeCodec.kt:327)
	at org.gradle.internal.serialize.codecs.core.WorkNodeCodec.writeNodeBatchesInP
arallel$lambda$1$0$0(WorkNodeCodec.kt:248)
	at org.gradle.internal.serialize.codecs.core.WorkNodeCodec$runBuildOperations$
1$1.execute$lambda$1(WorkNodeCodec.kt:597)
	at org.gradle.internal.serialize.codecs.core.WorkNodeCodecKt$asBuildOperation$
1.run(WorkNodeCodec.kt:640)
	at org.gradle.internal.operations.DefaultBuildOperationRunner$2.execute(Defaul
tBuildOperationRunner.java:66)
	at org.gradle.internal.operations.DefaultBuildOperationRunner$2.execute(Defaul
tBuildOperationRunner.java:59)
	at org.gradle.internal.operations.DefaultBuildOperationRunner.execute(DefaultB
uildOperationRunner.java:166)
	at org.gradle.internal.operations.DefaultBuildOperationRunner.execute(DefaultB
uildOperationRunner.java:59)
	at org.gradle.internal.operations.DefaultBuildOperationExecutor.lambda$execute
InParallel$0(DefaultBuildOperationExecutor.java:102)
	at org.gradle.internal.operations.DefaultBuildOperationQueue$WorkerRunnable.ru
nOperation(DefaultBuildOperationQueue.java:292)
	at org.gradle.internal.operations.DefaultBuildOperationQueue$WorkerRunnable.do
RunBatch(DefaultBuildOperationQueue.java:273)
	at org.gradle.internal.operations.DefaultBuildOperationQueue$WorkerRunnable.la
mbda$runBatch$1(DefaultBuildOperationQueue.java:246)
	at org.gradle.internal.work.DefaultWorkerLeaseService.runAsWorkerThread(Defaul
tWorkerLeaseService.java:125)
	at org.gradle.internal.operations.DefaultBuildOperationQueue$WorkerRunnable.ru
nBatch(DefaultBuildOperationQueue.java:244)
	at org.gradle.internal.operations.DefaultBuildOperationQueue$WorkerRunnable.ru
nOperations(DefaultBuildOperationQueue.java:212)
	at org.gradle.internal.operations.CurrentBuildOperationRef.with(CurrentBuildOp
erationRef.java:84)
	at org.gradle.internal.operations.DefaultBuildOperationQueue$WorkerRunnable.ru
n(DefaultBuildOperationQueue.java:205)
	at org.gradle.internal.operations.DefaultBuildOperationQueue.waitForCompletion
(DefaultBuildOperationQueue.java:114)
	at org.gradle.internal.operations.DefaultBuildOperationExecutor.executeInParal
lel(DefaultBuildOperationExecutor.java:115)
	at org.gradle.internal.operations.DefaultBuildOperationExecutor.runAllWithAcce
ssToProjectState(DefaultBuildOperationExecutor.java:74)
	at org.gradle.internal.operations.DefaultBuildOperationExecutor.runAllWithAcce
ssToProjectState(DefaultBuildOperationExecutor.java:69)
	at org.gradle.internal.serialize.codecs.core.WorkNodeCodec.runBuildOperations$
lambda$0(WorkNodeCodec.kt:588)
	at org.gradle.internal.serialize.codecs.core.WorkNodeCodec.handleBuildOperatio
nExceptions(WorkNodeCodec.kt:286)
	at org.gradle.internal.serialize.codecs.core.WorkNodeCodec.runBuildOperations(
WorkNodeCodec.kt:587)
	at org.gradle.internal.serialize.codecs.core.WorkNodeCodec.writeNodeBatchesInP
arallel(WorkNodeCodec.kt:243)
	at org.gradle.internal.serialize.codecs.core.WorkNodeCodec.writeNodes(WorkNode
Codec.kt:209)
	at org.gradle.internal.serialize.codecs.core.WorkNodeCodec.doWrite(WorkNodeCod
ec.kt:122)
	at org.gradle.internal.serialize.codecs.core.WorkNodeCodec.writeWork(WorkNodeC
odec.kt:94)
	at org.gradle.internal.cc.impl.ConfigurationCacheState.writeWorkGraphOf(Config
urationCacheState.kt:510)
	at org.gradle.internal.cc.impl.ConfigurationCacheState.writeBuildContent$confi
guration_cache(ConfigurationCacheState.kt:472)
	at org.gradle.internal.cc.impl.ConfigurationCacheState.writeBuildState(Configu
rationCacheState.kt:337)
	at org.gradle.internal.cc.impl.ConfigurationCacheState.writeBuildsInTree(Confi
gurationCacheState.kt:312)
	at org.gradle.internal.cc.impl.ConfigurationCacheState.writeRootBuild(Configur
ationCacheState.kt:286)
	at org.gradle.internal.cc.impl.ConfigurationCacheState.writeRootBuildState(Con
figurationCacheState.kt:184)
	at org.gradle.internal.cc.impl.DefaultConfigurationCacheIO$writeRootBuildState
To$1.invokeSuspend(DefaultConfigurationCacheIO.kt:215)
	at org.gradle.internal.cc.impl.DefaultConfigurationCacheIO$writeRootBuildState
To$1.invoke(DefaultConfigurationCacheIO.kt)
	at org.gradle.internal.cc.impl.DefaultConfigurationCacheIO$writeRootBuildState
To$1.invoke(DefaultConfigurationCacheIO.kt)
	at org.gradle.internal.cc.impl.DefaultConfigurationCacheIO$writeConfigurationC
acheStateWithSpecialEncoders$1.invokeSuspend(DefaultConfigurationCacheIO.kt:365
)
	at org.gradle.internal.cc.impl.DefaultConfigurationCacheIO$writeConfigurationC
acheStateWithSpecialEncoders$1.invoke(DefaultConfigurationCacheIO.kt)
	at org.gradle.internal.cc.impl.DefaultConfigurationCacheIO$writeConfigurationC
acheStateWithSpecialEncoders$1.invoke(DefaultConfigurationCacheIO.kt)
	at org.gradle.internal.serialize.graph.CodecKt$writeWith$1$1.invokeSuspend(Cod
ec.kt:84)
	at org.gradle.internal.serialize.graph.CodecKt$writeWith$1$1.invoke(Codec.kt)
	at org.gradle.internal.serialize.graph.CodecKt$writeWith$1$1.invoke(Codec.kt)
	at org.gradle.internal.serialize.graph.RunningKt$runWriteOperation$1.invokeSus
pend(Running.kt:43)
	at kotlin.coroutines.jvm.internal.BaseContinuationImpl.resumeWith(Continuation
Impl.kt:34)
	at kotlin.coroutines.ContinuationKt.startCoroutine(Continuation.kt:115)
	at 
org.gradle.internal.serialize.graph.RunningKt.runToCompletion(Running.kt:58)
	at 
org.gradle.internal.serialize.graph.RunningKt.runWriteOperation(Running.kt:42)
	at org.gradle.internal.serialize.graph.CodecKt.writeWith(Codec.kt:83)
	at org.gradle.internal.cc.impl.DefaultConfigurationCacheIO.withWriteContextFor
(DefaultConfigurationCacheIO.kt:517)
	at org.gradle.internal.cc.impl.ConfigurationCacheBuildTreeIO.withWriteContextF
or(ConfigurationCacheBuildTreeIO.kt:131)
	at org.gradle.internal.cc.impl.DefaultConfigurationCacheIO.withWriteContextFor
(DefaultConfigurationCacheIO.kt:99)
	at org.gradle.internal.cc.impl.ConfigurationCacheBuildTreeIO.withWriteContextF
or$default(ConfigurationCacheBuildTreeIO.kt:124)
	at org.gradle.internal.cc.impl.DefaultConfigurationCacheIO.writeConfigurationC
acheStateWithSpecialEncoders(DefaultConfigurationCacheIO.kt:364)
	at org.gradle.internal.cc.impl.DefaultConfigurationCacheIO.writeConfigurationC
acheState$lambda$0$0(DefaultConfigurationCacheIO.kt:268)
	at org.gradle.internal.cc.impl.DefaultConfigurationCacheIO.withSharedObjectEnc
oderFor(DefaultConfigurationCacheIO.kt:327)
	at org.gradle.internal.cc.impl.DefaultConfigurationCacheIO.writeConfigurationC
acheState$lambda$0(DefaultConfigurationCacheIO.kt:267)
	at org.gradle.internal.cc.impl.DefaultConfigurationCacheIO.withStringEncoderFo
r(DefaultConfigurationCacheIO.kt:315)
	at org.gradle.internal.cc.impl.DefaultConfigurationCacheIO.writeConfigurationC
acheState(DefaultConfigurationCacheIO.kt:266)
	at org.gradle.internal.cc.impl.DefaultConfigurationCacheIO.writeRootBuildState
To(DefaultConfigurationCacheIO.kt:213)
	at org.gradle.internal.cc.impl.DefaultConfigurationCache.writeConfigurationCac
heState(DefaultConfigurationCache.kt:769)
	at org.gradle.internal.cc.impl.DefaultConfigurationCache.saveWorkGraph$lambda$
0$0(DefaultConfigurationCache.kt:683)
	at org.gradle.internal.cc.impl.DefaultConfigurationCache.runAndStore$lambda$0(
DefaultConfigurationCache.kt:698)
	at org.gradle.internal.cc.impl.ConfigurationCacheRepository$StoreImpl.useForSt
ore$lambda$0(ConfigurationCacheRepository.kt:255)
	at org.gradle.internal.cc.impl.ConfigurationCacheRepository$withExclusiveAcces
sToCache$1.get(ConfigurationCacheRepository.kt:321)
	at org.gradle.cache.internal.LockOnDemandCrossProcessCacheAccess.withFileLock(
LockOnDemandCrossProcessCacheAccess.java:90)
	at org.gradle.cache.internal.DefaultCacheCoordinator.withFileLock(DefaultCache
Coordinator.java:226)
	at org.gradle.cache.internal.DefaultPersistentDirectoryStore.withFileLock(Defa
ultPersistentDirectoryStore.java:147)
	at org.gradle.cache.internal.DefaultCacheFactory$ReferenceTrackingCache.withFi
leLock(DefaultCacheFactory.java:203)
	at org.gradle.internal.cc.impl.ConfigurationCacheRepository.withExclusiveAcces
sToCache(ConfigurationCacheRepository.kt:319)
	at org.gradle.internal.cc.impl.ConfigurationCacheRepository.access$withExclusi
veAccessToCache(ConfigurationCacheRepository.kt:54)
	at org.gradle.internal.cc.impl.ConfigurationCacheRepository$StoreImpl.useForSt
ore(ConfigurationCacheRepository.kt:245)
	at org.gradle.internal.cc.impl.DefaultConfigurationCache.runAndStore(DefaultCo
nfigurationCache.kt:695)
	at org.gradle.internal.cc.impl.DefaultConfigurationCache.saveWorkGraph$lambda$
0(DefaultConfigurationCache.kt:682)
	at org.gradle.configurationcache.ConfigurationCacheBuildOperationsKt$withWorkG
raphStoreOperation$1.run(ConfigurationCacheBuildOperations.kt:63)
	at org.gradle.internal.operations.DefaultBuildOperationRunner$1.execute(Defaul
tBuildOperationRunner.java:29)
	at org.gradle.internal.operations.DefaultBuildOperationRunner$1.execute(Defaul
tBuildOperationRunner.java:26)
	at org.gradle.internal.operations.DefaultBuildOperationRunner$2.execute(Defaul
tBuildOperationRunner.java:66)
	at org.gradle.internal.operations.DefaultBuildOperationRunner$2.execute(Defaul
tBuildOperationRunner.java:59)
	at org.gradle.internal.operations.DefaultBuildOperationRunner.execute(DefaultB
uildOperationRunner.java:166)
	at org.gradle.internal.operations.DefaultBuildOperationRunner.execute(DefaultB
uildOperationRunner.java:59)
	at org.gradle.internal.operations.DefaultBuildOperationRunner.run(DefaultBuild
OperationRunner.java:47)
	at org.gradle.configurationcache.ConfigurationCacheBuildOperationsKt.withWorkG
raphStoreOperation(ConfigurationCacheBuildOperations.kt:56)
	at org.gradle.internal.cc.impl.DefaultConfigurationCache.saveWorkGraph(Default
ConfigurationCache.kt:681)
	at org.gradle.internal.cc.impl.DefaultConfigurationCache.loadOrScheduleRequest
edTasks$lambda$1$0(DefaultConfigurationCache.kt:272)
	at org.gradle.internal.cc.impl.DefaultConfigurationCache.degradeGracefullyOr(D
efaultConfigurationCache.kt:315)
	at org.gradle.internal.cc.impl.DefaultConfigurationCache.loadOrScheduleRequest
edTasks$lambda$1(DefaultConfigurationCache.kt:272)
	at org.gradle.internal.cc.impl.DefaultConfigurationCache.runWorkThatContribute
sToCacheEntry(DefaultConfigurationCache.kt:620)
	at org.gradle.internal.cc.impl.DefaultConfigurationCache.loadOrScheduleRequest
edTasks(DefaultConfigurationCache.kt:269)
	at org.gradle.internal.cc.impl.ConfigurationCacheAwareBuildTreeWorkController$
scheduleAndRunRequestedTasks$executionResult$1.apply(ConfigurationCacheAwareBui
ldTreeWorkController.kt:55)
	at org.gradle.internal.cc.impl.ConfigurationCacheAwareBuildTreeWorkController$
scheduleAndRunRequestedTasks$executionResult$1.apply(ConfigurationCacheAwareBui
ldTreeWorkController.kt:54)
	at org.gradle.composite.internal.DefaultIncludedBuildTaskGraph.withNewWorkGrap
h(DefaultIncludedBuildTaskGraph.java:114)
	at org.gradle.internal.cc.impl.ConfigurationCacheAwareBuildTreeWorkController.
scheduleAndRunRequestedTasks(ConfigurationCacheAwareBuildTreeWorkController.kt:
54)
	at org.gradle.internal.buildtree.DefaultBuildTreeLifecycleController.lambda$sc
heduleAndRunTasks$1(DefaultBuildTreeLifecycleController.java:77)
	at org.gradle.internal.buildtree.DefaultBuildTreeLifecycleController.lambda$ru
nBuild$4(DefaultBuildTreeLifecycleController.java:120)
	at org.gradle.internal.model.StateTransitionController.lambda$transition$6(Sta
teTransitionController.java:179)
	at org.gradle.internal.model.StateTransitionController.doTransition(StateTrans
itionController.java:276)
	at org.gradle.internal.model.StateTransitionController.lambda$transition$7(Sta
teTransitionController.java:179)
	at org.gradle.internal.work.DefaultSynchronizer.withLock(DefaultSynchronizer.j
ava:45)
	at org.gradle.internal.model.StateTransitionController.transition(StateTransit
ionController.java:179)
	at org.gradle.internal.buildtree.DefaultBuildTreeLifecycleController.runBuild(
DefaultBuildTreeLifecycleController.java:117)
	at org.gradle.internal.buildtree.DefaultBuildTreeLifecycleController.scheduleA
ndRunTasks(DefaultBuildTreeLifecycleController.java:77)
	at org.gradle.internal.buildtree.DefaultBuildTreeLifecycleController.scheduleA
ndRunTasks(DefaultBuildTreeLifecycleController.java:72)
	at org.gradle.tooling.internal.provider.ExecuteBuildActionRunner.run(ExecuteBu
ildActionRunner.java:31)
	at org.gradle.launcher.exec.ChainingBuildActionRunner.run(ChainingBuildActionR
unner.java:35)
	at org.gradle.internal.buildtree.ProblemReportingBuildActionRunner.run(Problem
ReportingBuildActionRunner.java:54)
	at org.gradle.launcher.exec.BuildOutcomeReportingBuildActionRunner.run(BuildOu
tcomeReportingBuildActionRunner.java:83)
	at org.gradle.tooling.internal.provider.FileSystemWatchingBuildActionRunner.ru
n(FileSystemWatchingBuildActionRunner.java:135)
	at org.gradle.launcher.exec.BuildCompletionNotifyingBuildActionRunner.run(Buil
dCompletionNotifyingBuildActionRunner.java:54)
	at org.gradle.launcher.exec.RootBuildLifecycleBuildActionExecutor.lambda$execu
te$0(RootBuildLifecycleBuildActionExecutor.java:101)
	at org.gradle.composite.internal.DefaultRootBuildState.run(DefaultRootBuildSta
te.java:126)
	at org.gradle.launcher.exec.RootBuildLifecycleBuildActionExecutor.execute(Root
BuildLifecycleBuildActionExecutor.java:101)
	at org.gradle.launcher.exec.BuildTreeLifecycleBuildActionExecutor.runRootBuild
Action(BuildTreeLifecycleBuildActionExecutor.java:98)
	at org.gradle.launcher.exec.BuildTreeLifecycleBuildActionExecutor.execute(Buil
dTreeLifecycleBuildActionExecutor.java:69)
	at org.gradle.launcher.exec.RunAsBuildOperationBuildActionExecutor$2.call(RunA
sBuildOperationBuildActionExecutor.java:65)
	at org.gradle.launcher.exec.RunAsBuildOperationBuildActionExecutor$2.call(RunA
sBuildOperationBuildActionExecutor.java:61)
	at org.gradle.internal.operations.DefaultBuildOperationRunner$CallableBuildOpe
rationWorker.execute(DefaultBuildOperationRunner.java:209)
	at org.gradle.internal.operations.DefaultBuildOperationRunner$CallableBuildOpe
rationWorker.execute(DefaultBuildOperationRunner.java:204)
	at org.gradle.internal.operations.DefaultBuildOperationRunner$2.execute(Defaul
tBuildOperationRunner.java:66)
	at org.gradle.internal.operations.DefaultBuildOperationRunner$2.execute(Defaul
tBuildOperationRunner.java:59)
	at org.gradle.internal.operations.DefaultBuildOperationRunner.execute(DefaultB
uildOperationRunner.java:166)
	at org.gradle.internal.operations.DefaultBuildOperationRunner.execute(DefaultB
uildOperationRunner.java:59)
	at org.gradle.internal.operations.DefaultBuildOperationRunner.call(DefaultBuil
dOperationRunner.java:53)
	at org.gradle.launcher.exec.RunAsBuildOperationBuildActionExecutor.execute(Run
AsBuildOperationBuildActionExecutor.java:61)
	at org.gradle.launcher.exec.RunAsWorkerThreadBuildActionExecutor.lambda$execut
e$0(RunAsWorkerThreadBuildActionExecutor.java:36)
	at org.gradle.internal.work.DefaultWorkerLeaseService.lambda$withLocksAcquired
$0(DefaultWorkerLeaseService.java:269)
	at org.gradle.internal.work.ResourceLockStatistics$1.measure(ResourceLockStati
stics.java:42)
	at org.gradle.internal.work.DefaultWorkerLeaseService.withLocksAcquired(Defaul
tWorkerLeaseService.java:267)
	at org.gradle.internal.work.DefaultWorkerLeaseService.withLocks(DefaultWorkerL
easeService.java:259)
	at org.gradle.internal.work.DefaultWorkerLeaseService.runAsWorkerThread(Defaul
tWorkerLeaseService.java:127)
	at org.gradle.launcher.exec.RunAsWorkerThreadBuildActionExecutor.execute(RunAs
WorkerThreadBuildActionExecutor.java:36)
	at org.gradle.tooling.internal.provider.continuous.ContinuousBuildActionExecut
or.execute(ContinuousBuildActionExecutor.java:110)
	at org.gradle.tooling.internal.provider.SubscribableBuildActionExecutor.execut
e(SubscribableBuildActionExecutor.java:64)
	at org.gradle.internal.session.DefaultBuildSessionContext.execute(DefaultBuild
SessionContext.java:46)
	at org.gradle.internal.buildprocess.execution.BuildSessionLifecycleBuildAction
Executor$ActionImpl.apply(BuildSessionLifecycleBuildActionExecutor.java:106)
	at org.gradle.internal.buildprocess.execution.BuildSessionLifecycleBuildAction
Executor$ActionImpl.apply(BuildSessionLifecycleBuildActionExecutor.java:94)
	at 
org.gradle.internal.session.BuildSessionState.run(BuildSessionState.java:73)
	at org.gradle.internal.buildprocess.execution.BuildSessionLifecycleBuildAction
Executor.execute(BuildSessionLifecycleBuildActionExecutor.java:67)
	at org.gradle.internal.buildprocess.execution.BuildSessionLifecycleBuildAction
Executor.execute(BuildSessionLifecycleBuildActionExecutor.java:45)
	at org.gradle.internal.buildprocess.execution.StartParamsValidatingActionExecu
tor.execute(StartParamsValidatingActionExecutor.java:57)
	at org.gradle.internal.buildprocess.execution.StartParamsValidatingActionExecu
tor.execute(StartParamsValidatingActionExecutor.java:32)
	at org.gradle.internal.buildprocess.execution.SessionFailureReportingActionExe
cutor.execute(SessionFailureReportingActionExecutor.java:51)
	at org.gradle.internal.buildprocess.execution.SessionFailureReportingActionExe
cutor.execute(SessionFailureReportingActionExecutor.java:39)
	at org.gradle.internal.buildprocess.execution.SetupLoggingActionExecutor.execu
te(SetupLoggingActionExecutor.java:47)
	at org.gradle.internal.buildprocess.execution.SetupLoggingActionExecutor.execu
te(SetupLoggingActionExecutor.java:31)
	at org.gradle.launcher.daemon.server.exec.ExecuteBuild.doBuild(ExecuteBuild.ja
va:70)
	at org.gradle.launcher.daemon.server.exec.BuildCommandOnly.execute(BuildComman
dOnly.java:37)
	at org.gradle.launcher.daemon.server.api.DaemonCommandExecution.proceed(Daemon
CommandExecution.java:104)
	at org.gradle.launcher.daemon.server.exec.WatchForDisconnection.execute(WatchF
orDisconnection.java:39)
	at org.gradle.launcher.daemon.server.api.DaemonCommandExecution.proceed(Daemon
CommandExecution.java:104)
	at org.gradle.launcher.daemon.server.exec.ResetDeprecationLogger.execute(Reset
DeprecationLogger.java:29)
	at org.gradle.launcher.daemon.server.api.DaemonCommandExecution.proceed(Daemon
CommandExecution.java:104)
	at org.gradle.launcher.daemon.server.exec.RequestStopIfSingleUsedDaemon.execut
e(RequestStopIfSingleUsedDaemon.java:35)
	at org.gradle.launcher.daemon.server.api.DaemonCommandExecution.proceed(Daemon
CommandExecution.java:104)
	at org.gradle.launcher.daemon.server.exec.ForwardClientInput.lambda$execute$0(
ForwardClientInput.java:40)
	at org.gradle.internal.daemon.clientinput.ClientInputForwarder.forwardInput(Cl
ientInputForwarder.java:80)
	at org.gradle.launcher.daemon.server.exec.ForwardClientInput.execute(ForwardCl
ientInput.java:37)
	at org.gradle.launcher.daemon.server.api.DaemonCommandExecution.proceed(Daemon
CommandExecution.java:104)
	at org.gradle.launcher.daemon.server.exec.LogAndCheckHealth.execute(LogAndChec
kHealth.java:53)
	at org.gradle.launcher.daemon.server.api.DaemonCommandExecution.proceed(Daemon
CommandExecution.java:104)
	at 
org.gradle.launcher.daemon.server.exec.LogToClient.doBuild(LogToClient.java:63)
	at org.gradle.launcher.daemon.server.exec.BuildCommandOnly.execute(BuildComman
dOnly.java:37)
	at org.gradle.launcher.daemon.server.api.DaemonCommandExecution.proceed(Daemon
CommandExecution.java:104)
	at org.gradle.launcher.daemon.server.exec.EstablishBuildEnvironment.doBuild(Es
tablishBuildEnvironment.java:84)
	at org.gradle.launcher.daemon.server.exec.BuildCommandOnly.execute(BuildComman
dOnly.java:37)
	at org.gradle.launcher.daemon.server.api.DaemonCommandExecution.proceed(Daemon
CommandExecution.java:104)
	at org.gradle.launcher.daemon.server.exec.StartBuildOrRespondWithBusy$1.run(St
artBuildOrRespondWithBusy.java:52)
	at org.gradle.launcher.daemon.server.DaemonStateCoordinator.lambda$runCommand$
0(DaemonStateCoordinator.java:321)
	at org.gradle.internal.concurrent.ExecutorPolicy$CatchAndRecordFailures.onExec
ute(ExecutorPolicy.java:64)
	at org.gradle.internal.concurrent.AbstractManagedExecutor$1.run(AbstractManage
dExecutor.java:47)
Caused by: com.android.builder.errors.EvalIssueException: Configuration 
`:app:_agp_internal_javaPreCompileDebug_kspClasspath` contains AndroidX 
dependencies, but the `android.useAndroidX` property is not enabled, which may 
cause runtime issues.
Set `android.useAndroidX=true` in the `gradle.properties` file and retry.
The following AndroidX dependencies are detected:
:app:_agp_internal_javaPreCompileDebug_kspClasspath -> 
androidx.room:room-compiler:2.7.1
:app:_agp_internal_javaPreCompileDebug_kspClasspath -> 
androidx.room:room-compiler:2.7.1 -> 
androidx.room:room-compiler-processing:2.7.1 -> 
androidx.room:room-external-antlr:2.7.1 -> androidx.room:room-migration:2.7.1 
-> androidx.room:room-migration-jvm:2.7.1 -> androidx.room:room-common:2.7.1
:app:_agp_internal_javaPreCompileDebug_kspClasspath -> 
androidx.room:room-compiler:2.7.1 -> 
androidx.room:room-compiler-processing:2.7.1 -> 
androidx.room:room-external-antlr:2.7.1 -> androidx.room:room-migration:2.7.1 
-> androidx.room:room-migration-jvm:2.7.1 -> androidx.room:room-common:2.7.1 
-> androidx.room:room-common-jvm:2.7.1
:app:_agp_internal_javaPreCompileDebug_kspClasspath -> 
androidx.room:room-compiler:2.7.1 -> 
androidx.room:room-compiler-processing:2.7.1 -> 
androidx.room:room-external-antlr:2.7.1 -> androidx.room:room-migration:2.7.1 
-> androidx.room:room-migration-jvm:2.7.1 -> androidx.room:room-common:2.7.1 
-> androidx.room:room-common-jvm:2.7.1 -> androidx.annotation:annotation:1.9.1
:app:_agp_internal_javaPreCompileDebug_kspClasspath -> 
androidx.room:room-compiler:2.7.1 -> 
androidx.room:room-compiler-processing:2.7.1 -> 
androidx.room:room-external-antlr:2.7.1 -> androidx.room:room-migration:2.7.1 
-> androidx.room:room-migration-jvm:2.7.1 -> androidx.room:room-common:2.7.1 
-> androidx.room:room-common-jvm:2.7.1 -> androidx.annotation:annotation:1.9.1 
-> androidx.annotation:annotation-jvm:1.9.1
:app:_agp_internal_javaPreCompileDebug_kspClasspath -> 
androidx.room:room-compiler:2.7.1 -> androidx.room:room-external-antlr:2.7.1 
-> androidx.room:room-common:2.7.1 -> androidx.room:room-common-jvm:2.7.1 -> 
androidx.room:room-migration:2.7.1 -> androidx.room:room-migration-jvm:2.7.1 
-> androidx.room:room-compiler-processing:2.7.1
:app:_agp_internal_javaPreCompileDebug_kspClasspath -> 
androidx.room:room-compiler:2.7.1 -> 
androidx.room:room-compiler-processing:2.7.1 -> 
androidx.room:room-common:2.7.1 -> androidx.room:room-common-jvm:2.7.1 -> 
androidx.room:room-migration:2.7.1 -> androidx.room:room-migration-jvm:2.7.1 
-> androidx.room:room-external-antlr:2.7.1
:app:_agp_internal_javaPreCompileDebug_kspClasspath -> 
androidx.room:room-compiler:2.7.1 -> 
androidx.room:room-compiler-processing:2.7.1 -> 
androidx.room:room-external-antlr:2.7.1 -> androidx.room:room-common:2.7.1 -> 
androidx.room:room-common-jvm:2.7.1 -> androidx.room:room-migration:2.7.1
:app:_agp_internal_javaPreCompileDebug_kspClasspath -> 
androidx.room:room-compiler:2.7.1 -> 
androidx.room:room-compiler-processing:2.7.1 -> 
androidx.room:room-external-antlr:2.7.1 -> androidx.room:room-common:2.7.1 -> 
androidx.room:room-common-jvm:2.7.1 -> androidx.room:room-migration:2.7.1 -> 
androidx.room:room-migration-jvm:2.7.1
	at com.android.builder.errors.IssueReporter.reportError(IssueReporter.kt:118)
	at com.android.builder.errors.IssueReporter.reportError$default(IssueReporter.
kt:113)
	at com.android.build.gradle.internal.dependency.AndroidXDependencyCheck$Androi
dXDisabledJetifierDisabled.execute(AndroidXDependencyCheck.kt:72)
	at com.android.build.gradle.internal.dependency.AndroidXDependencyCheck$Androi
dXDisabledJetifierDisabled.execute(AndroidXDependencyCheck.kt:40)
	at org.gradle.internal.code.DefaultUserCodeApplicationContext$CurrentApplicati
on$1.execute(DefaultUserCodeApplicationContext.java:124)
	at org.gradle.internal.event.BroadcastDispatch$ActionInvocationHandler.dispatc
h(BroadcastDispatch.java:101)

	at org.gradle.internal.event.BroadcastDispatch$ActionInvocationHandler.dispatc
h(BroadcastDispatch.java:89)
Deprecated Gradle features were used in this build, making it incompatible with Gradle 10.
	at org.gradle.internal.event.AbstractBroadcastDispatch.dispatch(AbstractBroadc
astDispatch.java:44)

	at org.gradle.internal.event.BroadcastDispatch$SingletonDispatch.dispatch(Broa
dcastDispatch.java:270)
You can use '--warning-mode all' to show the individual deprecation warnings and determine if they come from your own scripts or plugins.
	at org.gradle.internal.event.BroadcastDispatch$SingletonDispatch.dispatch(Broa
dcastDispatch.java:172)

	at org.gradle.internal.event.AbstractBroadcastDispatch.dispatch(AbstractBroadc
astDispatch.java:84)
For more on this, please refer to https://docs.gradle.org/9.3.1/userguide/command_line_interface.html#sec:command_line_warnings in the Gradle documentation.
	at org.gradle.internal.event.AbstractBroadcastDispatch.dispatch(AbstractBroadc
astDispatch.java:70)
Configuration cache entry discarded due to serialization error.
	at org.gradle.internal.event.BroadcastDispatch$CompositeDispatch.dispatch(Broa
dcastDispatch.java:382)
	at org.gradle.internal.event.BroadcastDispatch$CompositeDispatch.dispatch(Broa
dcastDispatch.java:274)
	at org.gradle.internal.event.ListenerBroadcast.dispatch(ListenerBroadcast.java
:160)
	at 
org.gradle.internal.event.ListenerBroadcast.dispatch(ListenerBroadcast.java:37)
	at org.gradle.internal.dispatch.ProxyDispatchAdapter$DispatchingInvocationHand
ler.invoke(ProxyDispatchAdapter.java:88)
	at jdk.proxy1/jdk.proxy1.$Proxy71.afterResolve(Unknown Source)
	at org.gradle.api.internal.artifacts.configurations.DefaultConfiguration$1.cal
l(DefaultConfiguration.java:639)
	at org.gradle.api.internal.artifacts.configurations.DefaultConfiguration$1.cal
l(DefaultConfiguration.java:623)
	at org.gradle.internal.operations.DefaultBuildOperationRunner$CallableBuildOpe
rationWorker.execute(DefaultBuildOperationRunner.java:209)
	at org.gradle.internal.operations.DefaultBuildOperationRunner$CallableBuildOpe
rationWorker.execute(DefaultBuildOperationRunner.java:204)
	at org.gradle.internal.operations.DefaultBuildOperationRunner$2.execute(Defaul
tBuildOperationRunner.java:66)
	at org.gradle.internal.operations.DefaultBuildOperationRunner$2.execute(Defaul
tBuildOperationRunner.java:59)
	at org.gradle.internal.operations.DefaultBuildOperationRunner.execute(DefaultB
uildOperationRunner.java:166)
	at org.gradle.internal.operations.DefaultBuildOperationRunner.execute(DefaultB
uildOperationRunner.java:59)
	at org.gradle.internal.operations.DefaultBuildOperationRunner.call(DefaultBuil
dOperationRunner.java:53)
	at org.gradle.api.internal.artifacts.configurations.DefaultConfiguration.resol
veGraphInBuildOperation(DefaultConfiguration.java:623)
	at org.gradle.api.internal.artifacts.configurations.DefaultConfiguration.lambd
a$resolveExclusivelyIfRequired$3(DefaultConfiguration.java:615)
	at org.gradle.api.internal.project.DefaultProjectStateRegistry$CalculatedModel
ValueImpl.update(DefaultProjectStateRegistry.java:546)
	at org.gradle.api.internal.artifacts.configurations.DefaultConfiguration.resol
veExclusivelyIfRequired(DefaultConfiguration.java:610)
	at org.gradle.api.internal.artifacts.configurations.DefaultConfiguration.resol
veGraphIfRequired(DefaultConfiguration.java:603)
	at org.gradle.api.internal.artifacts.configurations.DefaultConfiguration.acces
s$900(DefaultConfiguration.java:142)
	at org.gradle.api.internal.artifacts.configurations.DefaultConfiguration$Resol
verResultsResolutionResultProvider.getValue(DefaultConfiguration.java:585)
	at org.gradle.api.internal.artifacts.configurations.DefaultConfiguration$Resol
verResultsResolutionResultProvider.getValue(DefaultConfiguration.java:571)
	at org.gradle.api.internal.artifacts.configurations.ResolutionResultProvider$1
.getValue(ResolutionResultProvider.java:54)
	at org.gradle.api.internal.artifacts.configurations.ResolutionResultProviderBa
ckedSelectedArtifactSet.visitArtifacts(ResolutionResultProviderBackedSelectedAr
tifactSet.java:50)
	at org.gradle.api.internal.artifacts.configurations.DefaultArtifactCollection.
visitArtifacts(DefaultArtifactCollection.java:119)
	at org.gradle.internal.serialize.codecs.dm.ArtifactCollectionCodec.encode(Arti
factCollectionCodec.kt:54)
	at org.gradle.internal.serialize.codecs.dm.ArtifactCollectionCodec.encode(Arti
factCollectionCodec.kt:45)
	at org.gradle.internal.serialize.graph.codecs.BindingsBackedCodec.encode(Bindi
ngsBackedCodec.kt:66)
	at 
org.gradle.internal.serialize.graph.DefaultWriteContext.write(Contexts.kt:111)
	at org.gradle.internal.serialize.graph.BeanPropertyExtensionsKt.writePropertyV
alue(BeanPropertyExtensions.kt:34)
	... 216 more


BUILD FAILED in 3m 38s
